Component: ARM Compiler 5.06 update 4 (build 422) Tool: armlink [4d35d2]

==============================================================================

Section Cross References

    startup_stm32f405xx.o(RESET) refers to startup_stm32f405xx.o(STACK) for __initial_sp
    startup_stm32f405xx.o(RESET) refers to startup_stm32f405xx.o(.text) for Reset_Handler
    startup_stm32f405xx.o(RESET) refers to stm32f4xx_it.o(i.NMI_Handler) for NMI_Handler
    startup_stm32f405xx.o(RESET) refers to stm32f4xx_it.o(i.HardFault_Handler) for HardFault_Handler
    startup_stm32f405xx.o(RESET) refers to stm32f4xx_it.o(i.MemManage_Handler) for MemManage_Handler
    startup_stm32f405xx.o(RESET) refers to stm32f4xx_it.o(i.BusFault_Handler) for BusFault_Handler
    startup_stm32f405xx.o(RESET) refers to stm32f4xx_it.o(i.UsageFault_Handler) for UsageFault_Handler
    startup_stm32f405xx.o(RESET) refers to port.o(.emb_text) for SVC_Handler
    startup_stm32f405xx.o(RESET) refers to stm32f4xx_it.o(i.DebugMon_Handler) for DebugMon_Handler
    startup_stm32f405xx.o(RESET) refers to stm32f4xx_it.o(i.SysTick_Handler) for SysTick_Handler
    startup_stm32f405xx.o(.text) refers to system_stm32f4xx.o(i.SystemInit) for SystemInit
    startup_stm32f405xx.o(.text) refers to entry.o(.ARM.Collect$$$$00000000) for __main
    userinterface.o(i.Buzzer_Control) refers to stm32f4xx_hal_gpio.o(i.HAL_GPIO_WritePin) for HAL_GPIO_WritePin
    userinterface.o(i.Buzzer_Key) refers to stm32f4xx_hal_gpio.o(i.HAL_GPIO_WritePin) for HAL_GPIO_WritePin
    userinterface.o(i.Buzzer_Key) refers to cmsis_os2.o(i.osDelay) for osDelay
    userinterface.o(i.DemoWindowDisplayFunc) refers to lcd_display.o(i.LCD_Clear) for LCD_Clear
    userinterface.o(i.DemoWindowDisplayFunc) refers to lcd_display.o(i.drawRec) for drawRec
    userinterface.o(i.DemoWindowDisplayFunc) refers to lcd_display.o(i.Display) for Display
    userinterface.o(i.DemoWindowDisplayFunc) refers to lcd_display.o(i.pictureDisplay) for pictureDisplay
    userinterface.o(i.DemoWindowDisplayFunc) refers to userinterface.o(i.display_battery_status) for display_battery_status
    userinterface.o(i.DemoWindowDisplayFunc) refers to userinterface.o(i.displayExpDly_Demo) for displayExpDly_Demo
    userinterface.o(i.DemoWindowDisplayFunc) refers to userinterface.o(.constdata) for .constdata
    userinterface.o(i.DemoWindowDisplayFunc) refers to data.o(.bss) for demo_exposoure_para
    userinterface.o(i.DemoWindowDisplayFunc) refers to userinterface.o(.data) for .data
    userinterface.o(i.FeedInKeys) refers to keys.o(i.Keys_IsOn) for Keys_IsOn
    userinterface.o(i.FeedInKeys) refers to port.o(i.vPortEnterCritical) for vPortEnterCritical
    userinterface.o(i.FeedInKeys) refers to port.o(i.vPortExitCritical) for vPortExitCritical
    userinterface.o(i.FeedInKeys) refers to userinterface.o(.data) for .data
    userinterface.o(i.GetTempretureState) refers to stm32f4xx_hal_gpio.o(i.HAL_GPIO_ReadPin) for HAL_GPIO_ReadPin
    userinterface.o(i.LED_Control) refers to stm32f4xx_hal_gpio.o(i.HAL_GPIO_WritePin) for HAL_GPIO_WritePin
    userinterface.o(i.LED_control) refers to stm32f4xx_hal_gpio.o(i.HAL_GPIO_WritePin) for HAL_GPIO_WritePin
    userinterface.o(i.LED_init) refers to stm32f4xx_hal_gpio.o(i.HAL_GPIO_WritePin) for HAL_GPIO_WritePin
    userinterface.o(i.MainWindowDisplayFunc) refers to lcd_display.o(i.LCD_Clear) for LCD_Clear
    userinterface.o(i.MainWindowDisplayFunc) refers to lcd_display.o(i.drawRec) for drawRec
    userinterface.o(i.MainWindowDisplayFunc) refers to userinterface.o(i.get_current_exposuretime) for get_current_exposuretime
    userinterface.o(i.MainWindowDisplayFunc) refers to lcd_display.o(i.pictureDisplay) for pictureDisplay
    userinterface.o(i.MainWindowDisplayFunc) refers to userinterface.o(i.display_battery_status) for display_battery_status
    userinterface.o(i.MainWindowDisplayFunc) refers to userinterface.o(i.displayExpDly) for displayExpDly
    userinterface.o(i.MainWindowDisplayFunc) refers to userinterface.o(i.LED_init) for LED_init
    userinterface.o(i.MainWindowDisplayFunc) refers to userinterface.o(i.LED_Control) for LED_Control
    userinterface.o(i.MainWindowDisplayFunc) refers to data.o(.bss) for current_exposoure_para
    userinterface.o(i.MainWindowDisplayFunc) refers to userinterface.o(.constdata) for .constdata
    userinterface.o(i.MainWindowDisplayFunc) refers to userinterface.o(.data) for .data
    userinterface.o(i.MainWindowDisplayFunc) refers to data.o(.data) for tooth_position
    userinterface.o(i.UserInterface) refers to keys.o(i.Keys_HasAnyKeyChanged) for Keys_HasAnyKeyChanged
    userinterface.o(i.UserInterface) refers to port.o(i.vPortEnterCritical) for vPortEnterCritical
    userinterface.o(i.UserInterface) refers to port.o(i.vPortExitCritical) for vPortExitCritical
    userinterface.o(i.UserInterface) refers to keys.o(i.Keys_IsPressedClear) for Keys_IsPressedClear
[...]
    prvInsertTimerInActiveList               0x08007231   Thumb Code    60  timers.o(i.prvInsertTimerInActiveList)
    i.prvSampleTimeNow                       0x08007270   Section        0  timers.o(i.prvSampleTimeNow)
    prvSampleTimeNow                         0x08007271   Thumb Code   152  timers.o(i.prvSampleTimeNow)
    i.prvTaskExitError                       0x0800730c   Section        0  port.o(i.prvTaskExitError)
    prvTaskExitError                         0x0800730d   Thumb Code    38  port.o(i.prvTaskExitError)
    i.prvTimerTask                           0x08007338   Section        0  timers.o(i.prvTimerTask)
    prvTimerTask                             0x08007339   Thumb Code   630  timers.o(i.prvTimerTask)
    i.prvUnlockQueue                         0x080075b8   Section        0  queue.o(i.prvUnlockQueue)
    prvUnlockQueue                           0x080075b9   Thumb Code   108  queue.o(i.prvUnlockQueue)
    i.put_data                               0x08007624   Section        0  uart2.o(i.put_data)
    i.pvPortMalloc                           0x08007648   Section        0  heap_4.o(i.pvPortMalloc)
    i.pvTimerGetTimerID                      0x08007774   Section        0  timers.o(i.pvTimerGetTimerID)
    i.pwmSet                                 0x08007798   Section        0  pwm.o(i.pwmSet)
    i.pxPortInitialiseStack                  0x08007814   Section        0  port.o(i.pxPortInitialiseStack)
    i.reverse                                0x08007840   Section        0  lcd_display.o(i.reverse)
    i.set_exposetime                         0x0800787c   Section        0  data.o(i.set_exposetime)
    i.set_sys_exposoure_para                 0x0800788e   Section        0  data.o(i.set_sys_exposoure_para)
    i.set_system_para                        0x080078d8   Section        0  userinterface.o(i.set_system_para)
    i.set_voltage_current                    0x08007b08   Section        0  data.o(i.set_voltage_current)
    i.sleep_state_process                    0x08007b28   Section        0  userinterface.o(i.sleep_state_process)
    i.system_para_restore                    0x08007be4   Section        0  data.o(i.system_para_restore)
    i.system_power_off                       0x08007cec   Section        0  userinterface.o(i.system_power_off)
    i.system_setting_state_process           0x08007d1c   Section        0  userinterface.o(i.system_setting_state_process)
    i.update_battery_status                  0x08008058   Section        0  userinterface.o(i.update_battery_status)
    i.uxListRemove                           0x08008120   Section        0  list.o(i.uxListRemove)
    i.vApplicationGetIdleTaskMemory          0x08008148   Section        0  cmsis_os2.o(i.vApplicationGetIdleTaskMemory)
    i.vApplicationGetTimerTaskMemory         0x0800815c   Section        0  cmsis_os2.o(i.vApplicationGetTimerTaskMemory)
    i.vListInitialise                        0x08008174   Section        0  list.o(i.vListInitialise)
    i.vListInitialiseItem                    0x0800818a   Section        0  list.o(i.vListInitialiseItem)
    i.vListInsert                            0x08008190   Section        0  list.o(i.vListInsert)
    i.vListInsertEnd                         0x080081c6   Section        0  list.o(i.vListInsertEnd)
    i.vPortEnterCritical                     0x080081e0   Section        0  port.o(i.vPortEnterCritical)
    i.vPortExitCritical                      0x08008220   Section        0  port.o(i.vPortExitCritical)
    i.vPortFree                              0x0800824c   Section        0  heap_4.o(i.vPortFree)
    i.vPortValidateInterruptPriority         0x080082ac   Section        0  port.o(i.vPortValidateInterruptPriority)
    i.vQueueAddToRegistry                    0x08008300   Section        0  queue.o(i.vQueueAddToRegistry)
    i.vQueueWaitForMessageRestricted         0x08008328   Section        0  queue.o(i.vQueueWaitForMessageRestricted)
    i.vTaskDelay                             0x08008374   Section        0  tasks.o(i.vTaskDelay)
    i.vTaskInternalSetTimeOutState           0x080083c0   Section        0  tasks.o(i.vTaskInternalSetTimeOutState)
    i.vTaskMissedYield                       0x080083d0   Section        0  tasks.o(i.vTaskMissedYield)
    i.vTaskPlaceOnEventList                  0x080083dc   Section        0  tasks.o(i.vTaskPlaceOnEventList)
    i.vTaskPlaceOnEventListRestricted        0x08008410   Section        0  tasks.o(i.vTaskPlaceOnEventListRestricted)
    i.vTaskStartScheduler                    0x0800844c   Section        0  tasks.o(i.vTaskStartScheduler)
    i.vTaskSuspendAll                        0x080084d4   Section        0  tasks.o(i.vTaskSuspendAll)
    i.vTaskSwitchContext                     0x080084e4   Section        0  tasks.o(i.vTaskSwitchContext)
    i.xPortStartScheduler                    0x08008550   Section        0  port.o(i.xPortStartScheduler)
    i.xPortSysTickHandler                    0x0800867c   Section        0  port.o(i.xPortSysTickHandler)
    i.xQueueGenericCreateStatic              0x080086a8   Section        0  queue.o(i.xQueueGenericCreateStatic)
    i.xQueueGenericReset                     0x08008724   Section        0  queue.o(i.xQueueGenericReset)
    i.xQueueGenericSend                      0x080087ac   Section        0  queue.o(i.xQueueGenericSend)
    i.xQueueGenericSendFromISR               0x08008980   Section        0  queue.o(i.xQueueGenericSendFromISR)
    i.xQueueReceive                          0x08008a38   Section        0  queue.o(i.xQueueReceive)
    i.xTaskCheckForTimeOut                   0x08008ba8   Section        0  tasks.o(i.xTaskCheckForTimeOut)
    i.xTaskCreate                            0x08008c30   Section        0  tasks.o(i.xTaskCreate)
    i.xTaskCreateStatic                      0x08008c90   Section        0  tasks.o(i.xTaskCreateStatic)
    i.xTaskGetSchedulerState                 0x08008cec   Section        0  tasks.o(i.xTaskGetSchedulerState)
    i.xTaskGetTickCount                      0x08008d08   Section        0  tasks.o(i.xTaskGetTickCount)
    i.xTaskIncrementTick                     0x08008d14   Section        0  tasks.o(i.xTaskIncrementTick)
    i.xTaskPriorityDisinherit                0x08008df8   Section        0  tasks.o(i.xTaskPriorityDisinherit)
    i.xTaskRemoveFromEventList               0x08008e78   Section        0  tasks.o(i.xTaskRemoveFromEventList)
    i.xTaskResumeAll                         0x08008eec   Section        0  tasks.o(i.xTaskResumeAll)
    i.xTimerCreate                           0x08008fd0   Section        0  timers.o(i.xTimerCreate)
    i.xTimerCreateStatic                     0x08009008   Section        0  timers.o(i.xTimerCreateStatic)
    i.xTimerCreateTimerTask                  0x08009044   Section        0  timers.o(i.xTimerCreateTimerTask)
    i.xTimerGenericCommand                   0x080090f0   Section        0  timers.o(i.xTimerGenericCommand)
    .constdata                               0x08009160   Section    413686  userinterface.o(.constdata)
    .constdata                               0x0806e156   Section       54  data.o(.constdata)
    .constdata                               0x0806e18c   Section       60  data.o(.constdata)
    .constdata                               0x0806e1c8   Section       12  data.o(.constdata)
    .constdata                               0x0806e1d4   Section       72  main.o(.constdata)
    .constdata                               0x0806e21c   Section       16  system_stm32f4xx.o(.constdata)
    .constdata                               0x0806e22c   Section       16  pwm_timer.o(.constdata)
    .conststring                             0x0806e23c   Section       21  main.o(.conststring)
    .conststring                             0x0806e254   Section       10  pwm_timer.o(.conststring)
    .data                                    0x20000000   Section       44  userinterface.o(.data)
    repeat_key_time                          0x20000002   Data           1  userinterface.o(.data)
    currentFocus                             0x20000003   Data           1  userinterface.o(.data)
    adult_child_long_pressed                 0x20000004   Data           1  userinterface.o(.data)
    system_reset_focus                       0x20000005   Data           1  userinterface.o(.data)
    system_para_focus                        0x20000006   Data           1  userinterface.o(.data)
    event_record_page                        0x20000007   Data           1  userinterface.o(.data)
    record_page_total                        0x20000008   Data           1  userinterface.o(.data)
    battery_charge_state                     0x20000009   Data           1  userinterface.o(.data)
    para_setting_state                       0x2000000a   Data           1  userinterface.o(.data)
    demo_exposure_over_wait                  0x2000000c   Data           1  userinterface.o(.data)
    power_led_state                          0x2000000d   Data           1  userinterface.o(.data)
    key_event                                0x2000000f   Data           1  userinterface.o(.data)
    calibration_focus                        0x20000011   Data           1  userinterface.o(.data)
    poweroff_state                           0x20000012   Data           1  userinterface.o(.data)
    jump_flag                                0x20000013   Data           1  userinterface.o(.data)
    batteryState                             0x20000014   Data           1  userinterface.o(.data)
    battery_charge_state_new                 0x20000015   Data           1  userinterface.o(.data)
    .data                                    0x2000002c   Section        1  data.o(.data)
    .data                                    0x2000002d   Section        1  data.o(.data)
    .data                                    0x20000030   Section        8  main.o(.data)
    .data                                    0x20000038   Section       12  stm32f4xx_hal.o(.data)
    .data                                    0x20000044   Section        4  system_stm32f4xx.o(.data)
    .data                                    0x20000048   Section       60  tasks.o(.data)
    pxDelayedTaskList                        0x2000004c   Data           4  tasks.o(.data)
    pxOverflowDelayedTaskList                0x20000050   Data           4  tasks.o(.data)
    uxDeletedTasksWaitingCleanUp             0x20000054   Data           4  tasks.o(.data)
    uxCurrentNumberOfTasks                   0x20000058   Data           4  tasks.o(.data)
    xTickCount                               0x2000005c   Data           4  tasks.o(.data)
    uxTopReadyPriority                       0x20000060   Data           4  tasks.o(.data)
    xSchedulerRunning                        0x20000064   Data           4  tasks.o(.data)
    uxPendedTicks                            0x20000068   Data           4  tasks.o(.data)
    xYieldPending                            0x2000006c   Data           4  tasks.o(.data)
    xNumOfOverflows                          0x20000070   Data           4  tasks.o(.data)
    uxTaskNumber                             0x20000074   Data           4  tasks.o(.data)
    xNextTaskUnblockTime                     0x20000078   Data           4  tasks.o(.data)
    xIdleTaskHandle                          0x2000007c   Data           4  tasks.o(.data)
    uxSchedulerSuspended                     0x20000080   Data           4  tasks.o(.data)
    .data                                    0x20000084   Section       20  timers.o(.data)
    pxCurrentTimerList                       0x20000084   Data           4  timers.o(.data)
    pxOverflowTimerList                      0x20000088   Data           4  timers.o(.data)
    xTimerQueue                              0x2000008c   Data           4  timers.o(.data)
    xTimerTaskHandle                         0x20000090   Data           4  timers.o(.data)
    xLastTime                                0x20000094   Data           4  timers.o(.data)
    .data                                    0x20000098   Section        4  cmsis_os2.o(.data)
    KernelState                              0x20000098   Data           4  cmsis_os2.o(.data)
    .data                                    0x2000009c   Section       24  heap_4.o(.data)
    pxEnd                                    0x2000009c   Data           4  heap_4.o(.data)
    xFreeBytesRemaining                      0x200000a0   Data           4  heap_4.o(.data)
    xMinimumEverFreeBytesRemaining           0x200000a4   Data           4  heap_4.o(.data)
    xBlockAllocatedBit                       0x200000a8   Data           4  heap_4.o(.data)
    xStart                                   0x200000ac   Data           8  heap_4.o(.data)
    .data                                    0x200000b4   Section       12  port.o(.data)
    ucMaxSysCallPriority                     0x200000b4   Data           1  port.o(.data)
    uxCriticalNesting                        0x200000b8   Data           4  port.o(.data)
    ulMaxPRIGROUPValue                       0x200000bc   Data           4  port.o(.data)
    .data                                    0x200000c0   Section       24  pwm_timer.o(.data)
    .data                                    0x200000d8   Section        4  pwm_timer.o(.data)
    .bss                                     0x200000dc   Section      202  data.o(.bss)
    .bss                                     0x200001a8   Section       84  main.o(.bss)
    .bss                                     0x200001fc   Section       64  queue.o(.bss)
    .bss                                     0x2000023c   Section     1220  tasks.o(.bss)
    pxReadyTasksLists                        0x2000023c   Data        1120  tasks.o(.bss)
    xDelayedTaskList1                        0x2000069c   Data          20  tasks.o(.bss)
    xDelayedTaskList2                        0x200006b0   Data          20  tasks.o(.bss)
    xPendingReadyList                        0x200006c4   Data          20  tasks.o(.bss)
    xTasksWaitingTermination                 0x200006d8   Data          20  tasks.o(.bss)
    xSuspendedTaskList                       0x200006ec   Data          20  tasks.o(.bss)
    .bss                                     0x20000700   Section      280  timers.o(.bss)
    xActiveTimerList1                        0x20000700   Data          20  timers.o(.bss)
    xActiveTimerList2                        0x20000714   Data          20  timers.o(.bss)
    xStaticTimerQueue                        0x20000728   Data          80  timers.o(.bss)
    ucStaticTimerQueueStorage                0x20000778   Data         160  timers.o(.bss)
    .bss                                     0x20000818   Section     1720  cmsis_os2.o(.bss)
    Idle_TCB                                 0x20000818   Data          92  cmsis_os2.o(.bss)
    Idle_Stack                               0x20000874   Data         512  cmsis_os2.o(.bss)
    Timer_TCB                                0x20000a74   Data          92  cmsis_os2.o(.bss)
    Timer_Stack                              0x20000ad0   Data        1024  cmsis_os2.o(.bss)
    .bss                                     0x20000ed0   Section    15360  heap_4.o(.bss)
    ucHeap                                   0x20000ed0   Data       15360  heap_4.o(.bss)
    .bss                                     0x20004ad0   Section       56  keys.o(.bss)
    .bss                                     0x20004b08   Section      136  pwm.o(.bss)
    sGeneratorTimHandle                      0x20004b50   Data          64  pwm.o(.bss)
    .bss                                     0x20004b90   Section       44  pwm_timer.o(.bss)
    .bss                                     0x20004bbc   Section       64  uart2.o(.bss)
    STACK                                    0x20004c00   Section     1024  startup_stm32f405xx.o(STACK)

    Global Symbols

    Symbol Name                              Value     Ov Type        Size  Object(Section)

    BuildAttributes$$THM_ISAv4$E$P$D$K$B$S$7EM$VFPi3$EXTD16$VFPS$VFMA$PE$A:L22UL41UL21$X:L11$S22US41US21$IEEE1$IW$USESV6$~STKCKD$USESV7$~SHL$OTIME$ROPI$EBA8$MICROLIB$REQ8$PRES8$EABIv2 0x00000000   Number         0  anon$$obj.o ABSOLUTE
    __ARM_use_no_argv                        0x00000000   Number         0  main.o ABSOLUTE
    _printf_a                                0x00000000   Number         0  stubs.o ABSOLUTE
    _printf_c                                0x00000000   Number         0  stubs.o ABSOLUTE
    _printf_charcount                        0x00000000   Number         0  stubs.o ABSOLUTE
    _printf_d                                0x00000000   Number         0  stubs.o ABSOLUTE
    _printf_e                                0x00000000   Number         0  stubs.o ABSOLUTE
    _printf_f                                0x00000000   Number         0  stubs.o ABSOLUTE
    _printf_flags                            0x00000000   Number         0  stubs.o ABSOLUTE
    _printf_fp_dec                           0x00000000   Number         0  stubs.o ABSOLUTE
    _printf_fp_hex                           0x00000000   Number         0  stubs.o ABSOLUTE
    _printf_g                                0x00000000   Number         0  stubs.o ABSOLUTE
    _printf_i                                0x00000000   Number         0  stubs.o ABSOLUTE
    _printf_int_dec                          0x00000000   Number         0  stubs.o ABSOLUTE
    _printf_l                                0x00000000   Number         0  stubs.o ABSOLUTE
    _printf_lc                               0x00000000   Number         0  stubs.o ABSOLUTE
    _printf_ll                               0x00000000   Number         0  stubs.o ABSOLUTE
    _printf_lld                              0x00000000   Number         0  stubs.o ABSOLUTE
    _printf_lli                              0x00000000   Number         0  stubs.o ABSOLUTE
    _printf_llo                              0x00000000   Number         0  stubs.o ABSOLUTE
    _printf_llu                              0x00000000   Number         0  stubs.o ABSOLUTE
    _printf_llx                              0x00000000   Number         0  stubs.o ABSOLUTE
    _printf_longlong_dec                     0x00000000   Number         0  stubs.o ABSOLUTE
    _printf_longlong_hex                     0x00000000   Number         0  stubs.o ABSOLUTE
    _printf_longlong_oct                     0x00000000   Number         0  stubs.o ABSOLUTE
    _printf_ls                               0x00000000   Number         0  stubs.o ABSOLUTE
    _printf_mbtowc                           0x00000000   Number         0  stubs.o ABSOLUTE
    _printf_n                                0x00000000   Number         0  stubs.o ABSOLUTE
    _printf_o                                0x00000000   Number         0  stubs.o ABSOLUTE
    _printf_p                                0x00000000   Number         0  stubs.o ABSOLUTE
    _printf_percent                          0x00000000   Number         0  stubs.o ABSOLUTE
    _printf_pre_padding                      0x00000000   Number         0  stubs.o ABSOLUTE
    _printf_return_value                     0x00000000   Number         0  stubs.o ABSOLUTE
    _printf_s                                0x00000000   Number         0  stubs.o ABSOLUTE
    _printf_sizespec                         0x00000000   Number         0  stubs.o ABSOLUTE
    _printf_str                              0x00000000   Number         0  stubs.o ABSOLUTE
    _printf_truncate_signed                  0x00000000   Number         0  stubs.o ABSOLUTE
    _printf_truncate_unsigned                0x00000000   Number         0  stubs.o ABSOLUTE
    _printf_u                                0x00000000   Number         0  stubs.o ABSOLUTE
    _printf_wc                               0x00000000   Number         0  stubs.o ABSOLUTE
    _printf_wctomb                           0x00000000   Number         0  stubs.o ABSOLUTE
    _printf_widthprec                        0x00000000   Number         0  stubs.o ABSOLUTE
    _printf_x                                0x00000000   Number         0  stubs.o ABSOLUTE
    __cpp_initialize__aeabi_                  - Undefined Weak Reference
    __cxa_finalize                            - Undefined Weak Reference
    __decompress                              - Undefined Weak Reference
    _clock_init                               - Undefined Weak Reference
    _microlib_exit                            - Undefined Weak Reference
    __Vectors_Size                           0x00000188   Number         0  startup_stm32f405xx.o ABSOLUTE
    __Vectors                                0x08000000   Data           4  startup_stm32f405xx.o(RESET)
    __Vectors_End                            0x08000188   Data           0  startup_stm32f405xx.o(RESET)
    __main                                   0x08000189   Thumb Code     0  entry.o(.ARM.Collect$$$$00000000)
    _main_stk                                0x08000189   Thumb Code     0  entry2.o(.ARM.Collect$$$$00000001)
    _main_scatterload                        0x0800018d   Thumb Code     0  entry5.o(.ARM.Collect$$$$00000004)
    __main_after_scatterload                 0x08000191   Thumb Code     0  entry5.o(.ARM.Collect$$$$00000004)
    _main_clock                              0x08000191   Thumb Code     0  entry7b.o(.ARM.Collect$$$$00000008)
    _main_cpp_init                           0x08000191   Thumb Code     0  entry8b.o(.ARM.Collect$$$$0000000A)
    _main_init                               0x08000191   Thumb Code     0  entry9a.o(.ARM.Collect$$$$0000000B)
    __rt_final_cpp                           0x08000199   Thumb Code     0  entry10a.o(.ARM.Collect$$$$0000000D)
    __rt_final_exit                          0x08000199   Thumb Code     0  entry11a.o(.ARM.Collect$$$$0000000F)
    SVC_Handler                              0x0800019d   Thumb Code    28  port.o(.emb_text)
    __asm___6_port_c_39a90d8d__prvStartFirstTask 0x080001bd   Thumb Code    36  port.o(.emb_text)
    __asm___6_port_c_39a90d8d__prvEnableVFP  0x080001e5   Thumb Code    16  port.o(.emb_text)
    PendSV_Handler                           0x080001f9   Thumb Code    88  port.o(.emb_text)
    vPortGetIPSR                             0x08000255   Thumb Code     6  port.o(.emb_text)
    Reset_Handler                            0x0800025d   Thumb Code     8  startup_stm32f405xx.o(.text)
    ADC_IRQHandler                           0x08000277   Thumb Code     0  startup_stm32f405xx.o(.text)
    CAN1_RX0_IRQHandler                      0x08000277   Thumb Code     0  startup_stm32f405xx.o(.text)
    CAN1_RX1_IRQHandler                      0x08000277   Thumb Code     0  startup_stm32f405xx.o(.text)
    CAN1_SCE_IRQHandler                      0x08000277   Thumb Code     0  startup_stm32f405xx.o(.text)
    CAN1_TX_IRQHandler                       0x08000277   Thumb Code     0  startup_stm32f405xx.o(.text)
    CAN2_RX0_IRQHandler                      0x08000277   Thumb Code     0  startup_stm32f405xx.o(.text)
    CAN2_RX1_IRQHandler                      0x08000277   Thumb Code     0  startup_stm32f405xx.o(.text)
    CAN2_SCE_IRQHandler                      0x08000277   Thumb Code     0  startup_stm32f405xx.o(.text)
    CAN2_TX_IRQHandler                       0x08000277   Thumb Code     0  startup_stm32f405xx.o(.text)
    DMA1_Stream0_IRQHandler                  0x08000277   Thumb Code     0  startup_stm32f405xx.o(.text)
    DMA1_Stream1_IRQHandler                  0x08000277   Thumb Code     0  startup_stm32f405xx.o(.text)
    DMA1_Stream2_IRQHandler                  0x08000277   Thumb Code     0  startup_stm32f405xx.o(.text)
    DMA1_Stream3_IRQHandler                  0x08000277   Thumb Code     0  startup_stm32f405xx.o(.text)
    DMA1_Stream4_IRQHandler                  0x08000277   Thumb Code     0  startup_stm32f405xx.o(.text)
    DMA1_Stream5_IRQHandler                  0x08000277   Thumb Code     0  startup_stm32f405xx.o(.text)
    DMA1_Stream6_IRQHandler                  0x08000277   Thumb Code     0  startup_stm32f405xx.o(.text)
    DMA1_Stream7_IRQHandler                  0x08000277   Thumb Code     0  startup_stm32f405xx.o(.text)
    DMA2_Stream0_IRQHandler                  0x08000277   Thumb Code     0  startup_stm32f405xx.o(.text)
    DMA2_Stream1_IRQHandler                  0x08000277   Thumb Code     0  startup_stm32f405xx.o(.text)
    DMA2_Stream2_IRQHandler                  0x08000277   Thumb Code     0  startup_stm32f405xx.o(.text)
    DMA2_Stream3_IRQHandler                  0x08000277   Thumb Code     0  startup_stm32f405xx.o(.text)
    DMA2_Stream4_IRQHandler                  0x08000277   Thumb Code     0  startup_stm32f405xx.o(.text)
    DMA2_Stream5_IRQHandler                  0x08000277   Thumb Code     0  startup_stm32f405xx.o(.text)
    DMA2_Stream6_IRQHandler                  0x08000277   Thumb Code     0  startup_stm32f405xx.o(.text)
    DMA2_Stream7_IRQHandler                  0x08000277   Thumb Code     0  startup_stm32f405xx.o(.text)
    EXTI0_IRQHandler                         0x08000277   Thumb Code     0  startup_stm32f405xx.o(.text)
    EXTI15_10_IRQHandler                     0x08000277   Thumb Code     0  startup_stm32f405xx.o(.text)
    EXTI1_IRQHandler                         0x08000277   Thumb Code     0  startup_stm32f405xx.o(.text)
    EXTI2_IRQHandler                         0x08000277   Thumb Code     0  startup_stm32f405xx.o(.text)
    EXTI3_IRQHandler                         0x08000277   Thumb Code     0  startup_stm32f405xx.o(.text)
    EXTI4_IRQHandler                         0x08000277   Thumb Code     0  startup_stm32f405xx.o(.text)
    EXTI9_5_IRQHandler                       0x08000277   Thumb Code     0  startup_stm32f405xx.o(.text)
    FLASH_IRQHandler                         0x08000277   Thumb Code     0  startup_stm32f405xx.o(.text)
    FMC_IRQHandler                           0x08000277   Thumb Code     0  startup_stm32f405xx.o(.text)
    FPU_IRQHandler                           0x08000277   Thumb Code     0  startup_stm32f405xx.o(.text)
    HASH_RNG_IRQHandler                      0x08000277   Thumb Code     0  startup_stm32f405xx.o(.text)
    I2C1_ER_IRQHandler                       0x08000277   Thumb Code     0  startup_stm32f405xx.o(.text)
    I2C1_EV_IRQHandler                       0x08000277   Thumb Code     0  startup_stm32f405xx.o(.text)
    I2C2_ER_IRQHandler                       0x08000277   Thumb Code     0  startup_stm32f405xx.o(.text)
    I2C2_EV_IRQHandler                       0x08000277   Thumb Code     0  startup_stm32f405xx.o(.text)
    I2C3_ER_IRQHandler                       0x08000277   Thumb Code     0  startup_stm32f405xx.o(.text)
    I2C3_EV_IRQHandler                       0x08000277   Thumb Code     0  startup_stm32f405xx.o(.text)
    OTG_FS_IRQHandler                        0x08000277   Thumb Code     0  startup_stm32f405xx.o(.text)
    OTG_FS_WKUP_IRQHandler                   0x08000277   Thumb Code     0  startup_stm32f405xx.o(.text)
    OTG_HS_EP1_IN_IRQHandler                 0x08000277   Thumb Code     0  startup_stm32f405xx.o(.text)
    OTG_HS_EP1_OUT_IRQHandler                0x08000277   Thumb Code     0  startup_stm32f405xx.o(.text)
    OTG_HS_IRQHandler                        0x08000277   Thumb Code     0  startup_stm32f405xx.o(.text)
    OTG_HS_WKUP_IRQHandler                   0x08000277   Thumb Code     0  startup_stm32f405xx.o(.text)
    PVD_IRQHandler                           0x08000277   Thumb Code     0  startup_stm32f405xx.o(.text)
    RCC_IRQHandler                           0x08000277   Thumb Code     0  startup_stm32f405xx.o(.text)
    RTC_Alarm_IRQHandler                     0x08000277   Thumb Code     0  startup_stm32f405xx.o(.text)
    RTC_WKUP_IRQHandler                      0x08000277   Thumb Code     0  startup_stm32f405xx.o(.text)
    SDIO_IRQHandler                          0x08000277   Thumb Code     0  startup_stm32f405xx.o(.text)
    SPI1_IRQHandler                          0x08000277   Thumb Code     0  startup_stm32f405xx.o(.text)
    SPI2_IRQHandler                          0x08000277   Thumb Code     0  startup_stm32f405xx.o(.text)
    SPI3_IRQHandler                          0x08000277   Thumb Code     0  startup_stm32f405xx.o(.text)
    TAMP_STAMP_IRQHandler                    0x08000277   Thumb Code     0  startup_stm32f405xx.o(.text)
    TIM1_BRK_TIM9_IRQHandler                 0x08000277   Thumb Code     0  startup_stm32f405xx.o(.text)
    TIM1_CC_IRQHandler                       0x08000277   Thumb Code     0  startup_stm32f405xx.o(.text)
    TIM1_TRG_COM_TIM11_IRQHandler            0x08000277   Thumb Code     0  startup_stm32f405xx.o(.text)
    TIM1_UP_TIM10_IRQHandler                 0x08000277   Thumb Code     0  startup_stm32f405xx.o(.text)
    TIM2_IRQHandler                          0x08000277   Thumb Code     0  startup_stm32f405xx.o(.text)
    TIM3_IRQHandler                          0x08000277   Thumb Code     0  startup_stm32f405xx.o(.text)
    TIM4_IRQHandler                          0x08000277   Thumb Code     0  startup_stm32f405xx.o(.text)
    TIM5_IRQHandler                          0x08000277   Thumb Code     0  startup_stm32f405xx.o(.text)
    TIM6_DAC_IRQHandler                      0x08000277   Thumb Code     0  startup_stm32f405xx.o(.text)
    TIM7_IRQHandler                          0x08000277   Thumb Code     0  startup_stm32f405xx.o(.text)
    TIM8_BRK_TIM12_IRQHandler                0x08000277   Thumb Code     0  startup_stm32f405xx.o(.text)
    TIM8_CC_IRQHandler                       0x08000277   Thumb Code     0  startup_stm32f405xx.o(.text)
    TIM8_TRG_COM_TIM14_IRQHandler            0x08000277   Thumb Code     0  startup_stm32f405xx.o(.text)
    TIM8_UP_TIM13_IRQHandler                 0x08000277   Thumb Code     0  startup_stm32f405xx.o(.text)
    UART4_IRQHandler                         0x08000277   Thumb Code     0  startup_stm32f405xx.o(.text)
    UART5_IRQHandler                         0x08000277   Thumb Code     0  startup_stm32f405xx.o(.text)
    USART1_IRQHandler                        0x08000277   Thumb Code     0  startup_stm32f405xx.o(.text)
    USART2_IRQHandler                        0x08000277   Thumb Code     0  startup_stm32f405xx.o(.text)
    USART3_IRQHandler                        0x08000277   Thumb Code     0  startup_stm32f405xx.o(.text)
    USART6_IRQHandler                        0x08000277   Thumb Code     0  startup_stm32f405xx.o(.text)
    WWDG_IRQHandler                          0x08000277   Thumb Code     0  startup_stm32f405xx.o(.text)
    __aeabi_uldivmod                         0x08000281   Thumb Code    98  uldiv.o(.text)
    __aeabi_memcpy                           0x080002e3   Thumb Code    36  memcpya.o(.text)
    __aeabi_memcpy4                          0x080002e3   Thumb Code     0  memcpya.o(.text)
    __aeabi_memcpy8                          0x080002e3   Thumb Code     0  memcpya.o(.text)
    __aeabi_memset                           0x08000307   Thumb Code    14  memseta.o(.text)
    __aeabi_memset4                          0x08000307   Thumb Code     0  memseta.o(.text)
    __aeabi_memset8                          0x08000307   Thumb Code     0  memseta.o(.text)
    __aeabi_memclr                           0x08000315   Thumb Code     4  memseta.o(.text)
    __aeabi_memclr4                          0x08000315   Thumb Code     0  memseta.o(.text)
    __aeabi_memclr8                          0x08000315   Thumb Code     0  memseta.o(.text)
    memset                                   0x08000319   Thumb Code    18  memseta.o(.text)
    __aeabi_llsl                             0x0800032b   Thumb Code    30  llshl.o(.text)
    _ll_shift_l                              0x0800032b   Thumb Code     0  llshl.o(.text)
    __aeabi_llsr                             0x08000349   Thumb Code    32  llushr.o(.text)
    _ll_ushift_r                             0x08000349   Thumb Code     0  llushr.o(.text)
    __scatterload                            0x08000369   Thumb Code    28  init.o(.text)
    __scatterload_rt2                        0x08000369   Thumb Code     0  init.o(.text)
    AT24CXX_Read                             0x0800038d   Thumb Code    98  24cxx.o(i.AT24CXX_Read)
    AT24CXX_ReadLenByte                      0x080003ef   Thumb Code   160  24cxx.o(i.AT24CXX_ReadLenByte)
    AT24CXX_ReadOneByte                      0x0800048f   Thumb Code    68  24cxx.o(i.AT24CXX_ReadOneByte)
    AT24CXX_Write                            0x080004d3   Thumb Code   102  24cxx.o(i.AT24CXX_Write)
    AT24CXX_WriteLenByte                     0x08000539   Thumb Code   116  24cxx.o(i.AT24CXX_WriteLenByte)
    AT24CXX_WriteOneByte                     0x080005ad   Thumb Code    70  24cxx.o(i.AT24CXX_WriteOneByte)
    BusFault_Handler                         0x080005f3   Thumb Code     2  stm32f4xx_it.o(i.BusFault_Handler)
    Buzzer_Control                           0x080005f5   Thumb Code    28  userinterface.o(i.Buzzer_Control)
    Buzzer_Key                               0x08000615   Thumb Code    34  userinterface.o(i.Buzzer_Key)
    Callback02                               0x0800063d   Thumb Code   120  pwm_timer.o(i.Callback02)
    DebugMon_Handler                         0x080006d1   Thumb Code     2  stm32f4xx_it.o(i.DebugMon_Handler)
    DemoWindowDisplayFunc                    0x080006d5   Thumb Code   500  userinterface.o(i.DemoWindowDisplayFunc)
    Display                                  0x08000911   Thumb Code   230  lcd_display.o(i.Display)
    Get_Adc_Average                          0x08000c0d   Thumb Code    94  adcsample.o(i.Get_Adc_Average)
    HAL_ADC_ConfigChannel                    0x08000c71   Thumb Code   344  stm32f4xx_hal_adc.o(i.HAL_ADC_ConfigChannel)
    HAL_ADC_GetValue                         0x08000dd9   Thumb Code     6  stm32f4xx_hal_adc.o(i.HAL_ADC_GetValue)
    HAL_ADC_Init                             0x08000de1   Thumb Code   364  stm32f4xx_hal_adc.o(i.HAL_ADC_Init)
    HAL_ADC_MspInit                          0x08000f5d   Thumb Code   120  stm32f4xx_hal_msp.o(i.HAL_ADC_MspInit)
    HAL_ADC_PollForConversion                0x08000fe5   Thumb Code   190  stm32f4xx_hal_adc.o(i.HAL_ADC_PollForConversion)
    HAL_ADC_Start                            0x080010a5   Thumb Code   236  stm32f4xx_hal_adc.o(i.HAL_ADC_Start)
    HAL_GPIO_Init                            0x080011a5   Thumb Code   574  stm32f4xx_hal_gpio.o(i.HAL_GPIO_Init)
    HAL_GPIO_ReadPin                         0x080013f9   Thumb Code    10  stm32f4xx_hal_gpio.o(i.HAL_GPIO_ReadPin)
    HAL_GPIO_WritePin                        0x08001403   Thumb Code    10  stm32f4xx_hal_gpio.o(i.HAL_GPIO_WritePin)
    HAL_GetTick                              0x0800140d   Thumb Code     6  stm32f4xx_hal.o(i.HAL_GetTick)
    HAL_IWDG_Init                            0x08001419   Thumb Code    86  stm32f4xx_hal_iwdg.o(i.HAL_IWDG_Init)
    HAL_IncTick                              0x08001471   Thumb Code    12  stm32f4xx_hal.o(i.HAL_IncTick)
    HAL_Init                                 0x08001481   Thumb Code    48  stm32f4xx_hal.o(i.HAL_Init)
    HAL_InitTick                             0x080014b5   Thumb Code    54  stm32f4xx_hal.o(i.HAL_InitTick)
    HAL_MspInit                              0x080014f5   Thumb Code    50  stm32f4xx_hal_msp.o(i.HAL_MspInit)
    HAL_NVIC_SetPriority                     0x08001531   Thumb Code    96  stm32f4xx_hal_cortex.o(i.HAL_NVIC_SetPriority)
    HAL_NVIC_SetPriorityGrouping             0x08001595   Thumb Code    30  stm32f4xx_hal_cortex.o(i.HAL_NVIC_SetPriorityGrouping)
    HAL_RCC_ClockConfig                      0x080015b9   Thumb Code   332  stm32f4xx_hal_rcc.o(i.HAL_RCC_ClockConfig)
    HAL_RCC_GetSysClockFreq                  0x0800171d   Thumb Code    98  stm32f4xx_hal_rcc.o(i.HAL_RCC_GetSysClockFreq)
    HAL_RCC_OscConfig                        0x08001791   Thumb Code   988  stm32f4xx_hal_rcc.o(i.HAL_RCC_OscConfig)
    HAL_SYSTICK_Config                       0x08001b91   Thumb Code    38  stm32f4xx_hal_cortex.o(i.HAL_SYSTICK_Config)
    HAL_TIM_PWM_ConfigChannel                0x08001bbd   Thumb Code   384  stm32f4xx_hal_tim.o(i.HAL_TIM_PWM_ConfigChannel)
    HAL_TIM_PWM_Init                         0x08001d45   Thumb Code    54  stm32f4xx_hal_tim.o(i.HAL_TIM_PWM_Init)
    HAL_TIM_PWM_MspInit                      0x08001d7b   Thumb Code     2  stm32f4xx_hal_tim.o(i.HAL_TIM_PWM_MspInit)
    HAL_TIM_PWM_Start                        0x08001d7d   Thumb Code    66  stm32f4xx_hal_tim.o(i.HAL_TIM_PWM_Start)
    HAL_UART_Transmit                        0x08001dbf   Thumb Code   202  stm32f4xx_hal_uart.o(i.HAL_UART_Transmit)
    HardFault_Handler                        0x08001e89   Thumb Code     2  stm32f4xx_it.o(i.HardFault_Handler)
    IIC_Init                                 0x08001e8d   Thumb Code    70  24cxx.o(i.IIC_Init)
    IIC_Read_Byte                            0x08001edd   Thumb Code   234  24cxx.o(i.IIC_Read_Byte)
    IIC_Send_Byte                            0x08001fcd   Thumb Code   118  24cxx.o(i.IIC_Send_Byte)
    IIC_Start                                0x08002049   Thumb Code    98  24cxx.o(i.IIC_Start)
    IIC_Stop                                 0x080020b1   Thumb Code    90  24cxx.o(i.IIC_Stop)
    IIC_Wait_Ack                             0x08002111   Thumb Code   182  24cxx.o(i.IIC_Wait_Ack)
    Keys_GetPins                             0x080021cd   Thumb Code   218  keys.o(i.Keys_GetPins)
    Keys_HasAnyKeyChanged                    0x080022b5   Thumb Code    28  keys.o(i.Keys_HasAnyKeyChanged)
    Keys_Init                                0x080022d5   Thumb Code    46  keys.o(i.Keys_Init)
    Keys_IsOn                                0x08002309   Thumb Code    20  keys.o(i.Keys_IsOn)
    Keys_IsPressedClear                      0x08002321   Thumb Code    28  keys.o(i.Keys_IsPressedClear)
    Keys_IsPressedLongClear                  0x08002341   Thumb Code    28  keys.o(i.Keys_IsPressedLongClear)
    Keys_IsReleasedClear                     0x08002361   Thumb Code    28  keys.o(i.Keys_IsReleasedClear)
    Keys_Portinit                            0x08002381   Thumb Code    88  keys.o(i.Keys_Portinit)
    Keys_Scan                                0x080023e1   Thumb Code    24  keys.o(i.Keys_Scan)
    Keys_Statemachine                        0x080023f9   Thumb Code   170  keys.o(i.Keys_Statemachine)
    LCD_Clear                                0x080024a9   Thumb Code   102  lcd_display.o(i.LCD_Clear)
    LCD_Init                                 0x08002511   Thumb Code   756  lcd_display.o(i.LCD_Init)
    LCD_SetArea                              0x08002811   Thumb Code    76  lcd_display.o(i.LCD_SetArea)
    LED_Control                              0x0800285d   Thumb Code   204  userinterface.o(i.LED_Control)
    LED_control                              0x08002931   Thumb Code   168  userinterface.o(i.LED_control)
    LED_init                                 0x080029dd   Thumb Code   184  userinterface.o(i.LED_init)
    LcdWirteColorData                        0x08002a9d   Thumb Code   142  lcd_display.o(i.LcdWirteColorData)
    MainTask                                 0x08002b35   Thumb Code    22  main.o(i.MainTask)
    MainWindowDisplayFunc                    0x08002b51   Thumb Code   830  userinterface.o(i.MainWindowDisplayFunc)
    MemManage_Handler                        0x08002ee1   Thumb Code     2  stm32f4xx_it.o(i.MemManage_Handler)
    NMI_Handler                              0x08002ee3   Thumb Code     2  stm32f4xx_it.o(i.NMI_Handler)
    PWM_Init                                 0x08002ee5   Thumb Code   156  pwm.o(i.PWM_Init)
    SysTick_Handler                          0x08002f91   Thumb Code    24  stm32f4xx_it.o(i.SysTick_Handler)
    SystemClock_Config                       0x08002fa9   Thumb Code   126  main.o(i.SystemClock_Config)
    SystemInit                               0x08003031   Thumb Code    20  system_stm32f4xx.o(i.SystemInit)
    TIM_Base_SetConfig                       0x0800304d   Thumb Code   184  stm32f4xx_hal_tim.o(i.TIM_Base_SetConfig)
    TIM_CCxChannelCmd                        0x08003119   Thumb Code    30  stm32f4xx_hal_tim.o(i.TIM_CCxChannelCmd)
    TIM_OC2_SetConfig                        0x080031a9   Thumb Code   104  stm32f4xx_hal_tim.o(i.TIM_OC2_SetConfig)
    UsageFault_Handler                       0x080032a5   Thumb Code     2  stm32f4xx_it.o(i.UsageFault_Handler)
    UserInterface                            0x080032a9   Thumb Code   492  userinterface.o(i.UserInterface)
    WriteCommand                             0x080034a5   Thumb Code   104  lcd_display.o(i.WriteCommand)
    WriteData                                0x08003515   Thumb Code    94  lcd_display.o(i.WriteData)
    __scatterload_copy                       0x0800357d   Thumb Code    14  handlers.o(i.__scatterload_copy)
    __scatterload_null                       0x0800358b   Thumb Code     2  handlers.o(i.__scatterload_null)
    __scatterload_zeroinit                   0x0800358d   Thumb Code    14  handlers.o(i.__scatterload_zeroinit)
    battery2low_state_process                0x0800359d   Thumb Code    80  userinterface.o(i.battery2low_state_process)
    calibration_DAP_process                  0x080035f1   Thumb Code   260  userinterface.o(i.calibration_DAP_process)
    calibration_state_process                0x08003705   Thumb Code  1550  userinterface.o(i.calibration_state_process)
    check_para_is_valid                      0x08003d15   Thumb Code   190  data.o(i.check_para_is_valid)
    delay_1_ms                               0x08003dd9   Thumb Code    22  delay.o(i.delay_1_ms)
    delay_1_us                               0x08003def   Thumb Code    10  delay.o(i.delay_1_us)
    delay_2_us                               0x08003df9   Thumb Code    10  delay.o(i.delay_2_us)
    demo_exposure_state_process              0x08003e05   Thumb Code   286  userinterface.o(i.demo_exposure_state_process)
    demo_state_process                       0x08003f4d   Thumb Code   754  userinterface.o(i.demo_state_process)
    displayExpDly                            0x0800427d   Thumb Code   260  userinterface.o(i.displayExpDly)
    displayExpDly_Demo                       0x080043a5   Thumb Code   260  userinterface.o(i.displayExpDly_Demo)
    display_DAP_set                          0x080044cd   Thumb Code   174  userinterface.o(i.display_DAP_set)
    display_battery_status                   0x0800458d   Thumb Code   156  userinterface.o(i.display_battery_status)
    display_event_record                     0x08004645   Thumb Code   934  userinterface.o(i.display_event_record)
    display_event_record_each                0x080049fd   Thumb Code   404  userinterface.o(i.display_event_record_each)
    display_mGycm2                           0x08004bb9   Thumb Code   430  userinterface.o(i.display_mGycm2)
    display_pwm_set                          0x08004d7d   Thumb Code   792  userinterface.o(i.display_pwm_set)
    display_system_infor_win                 0x080050ad   Thumb Code   514  userinterface.o(i.display_system_infor_win)
    display_system_para_setting              0x080052d5   Thumb Code  1472  userinterface.o(i.display_system_para_setting)
    display_system_reset_win                 0x080058a9   Thumb Code   240  userinterface.o(i.display_system_reset_win)
    display_system_setting_win               0x080059b1   Thumb Code   642  userinterface.o(i.display_system_setting_win)
    drawRec                                  0x08005c55   Thumb Code    68  lcd_display.o(i.drawRec)
    event_Data_Store                         0x08005c99   Thumb Code    96  data.o(i.event_Data_Store)
    exposure_state_process                   0x08005d01   Thumb Code   550  userinterface.o(i.exposure_state_process)
    fagctory_default_store                   0x08005f59   Thumb Code   172  data.o(i.fagctory_default_store)
    get_current_exposuretime                 0x08006011   Thumb Code    30  userinterface.o(i.get_current_exposuretime)
    get_scan_type                            0x08006041   Thumb Code    46  data.o(i.get_scan_type)
    get_voltage_current                      0x0800606f   Thumb Code    32  data.o(i.get_voltage_current)
    idle_state_process                       0x08006091   Thumb Code  1612  userinterface.o(i.idle_state_process)
    keyScanTask                              0x080066f5   Thumb Code    22  main.o(i.keyScanTask)
    main                                     0x08006711   Thumb Code   614  main.o(i.main)
    osDelay                                  0x080069d9   Thumb Code    52  cmsis_os2.o(i.osDelay)
    osKernelInitialize                       0x08006a11   Thumb Code    50  cmsis_os2.o(i.osKernelInitialize)
    osKernelStart                            0x08006a49   Thumb Code    56  cmsis_os2.o(i.osKernelStart)
    osThreadNew                              0x08006a85   Thumb Code   188  cmsis_os2.o(i.osThreadNew)
    osTimerNew                               0x08006b45   Thumb Code   134  cmsis_os2.o(i.osTimerNew)
    osTimerStart                             0x08006bd5   Thumb Code    72  cmsis_os2.o(i.osTimerStart)
    para_data_store                          0x08006c21   Thumb Code   100  data.o(i.para_data_store)
    pictureDisplay                           0x08006c8d   Thumb Code    70  lcd_display.o(i.pictureDisplay)
    powerOff_displayFunc                     0x08006cd5   Thumb Code    28  userinterface.o(i.powerOff_displayFunc)
    powerOn_displayFunc                      0x08006cf5   Thumb Code   182  userinterface.o(i.powerOn_displayFunc)
    power_key_pressing_state_process         0x08006db9   Thumb Code   122  userinterface.o(i.power_key_pressing_state_process)
    put_data                                 0x08007625   Thumb Code    30  uart2.o(i.put_data)
    pvPortMalloc                             0x08007649   Thumb Code   286  heap_4.o(i.pvPortMalloc)
    pvTimerGetTimerID                        0x08007775   Thumb Code    36  timers.o(i.pvTimerGetTimerID)
    pwmSet                                   0x08007799   Thumb Code   114  pwm.o(i.pwmSet)
    pxPortInitialiseStack                    0x08007815   Thumb Code    38  port.o(i.pxPortInitialiseStack)
    reverse                                  0x08007841   Thumb Code    42  lcd_display.o(i.reverse)
    set_exposetime                           0x0800787d   Thumb Code    18  data.o(i.set_exposetime)
    set_sys_exposoure_para                   0x0800788f   Thumb Code    74  data.o(i.set_sys_exposoure_para)
    set_system_para                          0x080078d9   Thumb Code   518  userinterface.o(i.set_system_para)
    set_voltage_current                      0x08007b09   Thumb Code    32  data.o(i.set_voltage_current)
    sleep_state_process                      0x08007b29   Thumb Code   166  userinterface.o(i.sleep_state_process)
    system_para_restore                      0x08007be5   Thumb Code   246  data.o(i.system_para_restore)
    system_power_off                         0x08007ced   Thumb Code    40  userinterface.o(i.system_power_off)
    system_setting_state_process             0x08007d1d   Thumb Code   804  userinterface.o(i.system_setting_state_process)
    update_battery_status                    0x08008059   Thumb Code   194  userinterface.o(i.update_battery_status)
    uxListRemove                             0x08008121   Thumb Code    38  list.o(i.uxListRemove)
    vApplicationGetIdleTaskMemory            0x08008149   Thumb Code    16  cmsis_os2.o(i.vApplicationGetIdleTaskMemory)
    vApplicationGetTimerTaskMemory           0x0800815d   Thumb Code    18  cmsis_os2.o(i.vApplicationGetTimerTaskMemory)
    vListInitialise                          0x08008175   Thumb Code    22  list.o(i.vListInitialise)
    vListInitialiseItem                      0x0800818b   Thumb Code     6  list.o(i.vListInitialiseItem)
    vListInsert                              0x08008191   Thumb Code    54  list.o(i.vListInsert)
    vListInsertEnd                           0x080081c7   Thumb Code    24  list.o(i.vListInsertEnd)
    vPortEnterCritical                       0x080081e1   Thumb Code    56  port.o(i.vPortEnterCritical)
    vPortExitCritical                        0x08008221   Thumb Code    38  port.o(i.vPortExitCritical)
    vPortFree                                0x0800824d   Thumb Code    90  heap_4.o(i.vPortFree)
    vPortValidateInterruptPriority           0x080082ad   Thumb Code    74  port.o(i.vPortValidateInterruptPriority)
    vQueueAddToRegistry                      0x08008301   Thumb Code    34  queue.o(i.vQueueAddToRegistry)
    vQueueWaitForMessageRestricted           0x08008329   Thumb Code    74  queue.o(i.vQueueWaitForMessageRestricted)
    vTaskDelay                               0x08008375   Thumb Code    66  tasks.o(i.vTaskDelay)
    vTaskInternalSetTimeOutState             0x080083c1   Thumb Code    12  tasks.o(i.vTaskInternalSetTimeOutState)
    vTaskMissedYield                         0x080083d1   Thumb Code     8  tasks.o(i.vTaskMissedYield)
    vTaskPlaceOnEventList                    0x080083dd   Thumb Code    46  tasks.o(i.vTaskPlaceOnEventList)
    vTaskPlaceOnEventListRestricted          0x08008411   Thumb Code    54  tasks.o(i.vTaskPlaceOnEventListRestricted)
    vTaskStartScheduler                      0x0800844d   Thumb Code   118  tasks.o(i.vTaskStartScheduler)
    vTaskSuspendAll                          0x080084d5   Thumb Code    10  tasks.o(i.vTaskSuspendAll)
    vTaskSwitchContext                       0x080084e5   Thumb Code    98  tasks.o(i.vTaskSwitchContext)
    xPortStartScheduler                      0x08008551   Thumb Code   266  port.o(i.xPortStartScheduler)
    xPortSysTickHandler                      0x0800867d   Thumb Code    38  port.o(i.xPortSysTickHandler)
    xQueueGenericCreateStatic                0x080086a9   Thumb Code   124  queue.o(i.xQueueGenericCreateStatic)
    xQueueGenericReset                       0x08008725   Thumb Code   130  queue.o(i.xQueueGenericReset)
    xQueueGenericSend                        0x080087ad   Thumb Code   462  queue.o(i.xQueueGenericSend)
    xQueueGenericSendFromISR                 0x08008981   Thumb Code   184  queue.o(i.xQueueGenericSendFromISR)
    xQueueReceive                            0x08008a39   Thumb Code   364  queue.o(i.xQueueReceive)
    xTaskCheckForTimeOut                     0x08008ba9   Thumb Code   130  tasks.o(i.xTaskCheckForTimeOut)
    xTaskCreate                              0x08008c31   Thumb Code    96  tasks.o(i.xTaskCreate)
    xTaskCreateStatic                        0x08008c91   Thumb Code    92  tasks.o(i.xTaskCreateStatic)
    xTaskGetSchedulerState                   0x08008ced   Thumb Code    24  tasks.o(i.xTaskGetSchedulerState)
    xTaskGetTickCount                        0x08008d09   Thumb Code     6  tasks.o(i.xTaskGetTickCount)
    xTaskIncrementTick                       0x08008d15   Thumb Code   218  tasks.o(i.xTaskIncrementTick)
    xTaskPriorityDisinherit                  0x08008df9   Thumb Code   118  tasks.o(i.xTaskPriorityDisinherit)
    xTaskRemoveFromEventList                 0x08008e79   Thumb Code   102  tasks.o(i.xTaskRemoveFromEventList)
    xTaskResumeAll                           0x08008eed   Thumb Code   212  tasks.o(i.xTaskResumeAll)
    xTimerCreate                             0x08008fd1   Thumb Code    56  timers.o(i.xTimerCreate)
    xTimerCreateStatic                       0x08009009   Thumb Code    60  timers.o(i.xTimerCreateStatic)
    xTimerCreateTimerTask                    0x08009045   Thumb Code   140  timers.o(i.xTimerCreateTimerTask)
    xTimerGenericCommand                     0x080090f1   Thumb Code   106  timers.o(i.xTimerGenericCommand)
    num0_9_bw                                0x08009160   Data       10944  userinterface.o(.constdata)
    num0_9_wb                                0x0800bc20   Data        4180  userinterface.o(.constdata)
    num0_9_by                                0x0800cc74   Data       11232  userinterface.o(.constdata)
    num0_9_yb                                0x0800f854   Data       11264  userinterface.o(.constdata)
    fontDemo                                 0x08012454   Data         512  userinterface.o(.constdata)
    gImage_kai_bw                            0x08012654   Data        1922  userinterface.o(.constdata)
    gImage_guan_bw                           0x08012dd6   Data        1922  userinterface.o(.constdata)
    gImage_ji_bw                             0x08013558   Data        1922  userinterface.o(.constdata)
    gImage_bao_by                            0x08013cda   Data        1922  userinterface.o(.constdata)
    gImage_guang_bw                          0x0801445c   Data        1922  userinterface.o(.constdata)
    gImage_bao_2_bw                          0x08014bde   Data        1922  userinterface.o(.constdata)
    gImage_cuo_bw                            0x08015360   Data        1922  userinterface.o(.constdata)
    gImage_E_bw                              0x08015ae2   Data         992  userinterface.o(.constdata)
    gImage_xiumian_bw                        0x08015ec2   Data        3904  userinterface.o(.constdata)
    gImage_powerON_A                         0x08016e02   Data       25498  userinterface.o(.constdata)
    gImage_powerOFF                          0x0801d19c   Data       10846  userinterface.o(.constdata)
    battery4                                 0x0801fbfa   Data        3248  userinterface.o(.constdata)
    battery3                                 0x080208aa   Data        3248  userinterface.o(.constdata)
    battery2                                 0x0802155a   Data        3248  userinterface.o(.constdata)
    battery1                                 0x0802220a   Data        3248  userinterface.o(.constdata)
    battery0                                 0x08022eba   Data        3256  userinterface.o(.constdata)
    gImage_childUp                           0x08023b72   Data        2300  userinterface.o(.constdata)
    gImage_childDown                         0x0802446e   Data        1380  userinterface.o(.constdata)
    gImage_adultDown                         0x080249d2   Data        3150  userinterface.o(.constdata)
    gImage_sensorDown                        0x08025620   Data        2738  userinterface.o(.constdata)
    gImage_sensorUp                          0x080260d2   Data        4144  userinterface.o(.constdata)
    gImage_filmDown                          0x08027102   Data        2442  userinterface.o(.constdata)
    gImage_filmUp                            0x08027a8c   Data        3696  userinterface.o(.constdata)
    gImage_mGycm2                            0x080288fc   Data        8208  userinterface.o(.constdata)
    gImage_mA_bw                             0x0802a90c   Data        3404  userinterface.o(.constdata)
    gImage_kV_bw                             0x0802b658   Data        2592  userinterface.o(.constdata)
    gImage_s_by                              0x0802c078   Data         992  userinterface.o(.constdata)
    gImage_s_yb                              0x0802c458   Data        1024  userinterface.o(.constdata)
    gImage_s_bw                              0x0802c858   Data         992  userinterface.o(.constdata)
    gImage_adultUp                           0x0802cc38   Data        4480  userinterface.o(.constdata)
    gImage_systemInfor_by                    0x0802ddb8   Data        7502  userinterface.o(.constdata)
    gImage_systemInfor_bw                    0x0802fb06   Data        7744  userinterface.o(.constdata)
    gImage_systemInfor_yb                    0x08031946   Data        7744  userinterface.o(.constdata)
    gImage_systemSettingWhite                0x08033786   Data        7502  userinterface.o(.constdata)
    gImage_Event                             0x080354d4   Data        7502  userinterface.o(.constdata)
    gImage_EventGreen                        0x08037222   Data        7744  userinterface.o(.constdata)
    gImage_eventRecord_by                    0x08039062   Data        7744  userinterface.o(.constdata)
    gImage_systemReset                       0x0803aea2   Data        7502  userinterface.o(.constdata)
    gImage_systemSettingGreen                0x0803cbf0   Data        7744  userinterface.o(.constdata)
    gImage_arrow                             0x0803ea30   Data         572  userinterface.o(.constdata)
    gImage_systemResetGreen                  0x0803ec6c   Data        7744  userinterface.o(.constdata)
    gImage_DAPAcc_by                         0x08040aac   Data        8610  userinterface.o(.constdata)
    gImage_exposuretimes_by                  0x08042c4e   Data        7502  userinterface.o(.constdata)
    gImage_mGycm2_by                         0x0804499c   Data        9176  userinterface.o(.constdata)
    gImage_ci_by                             0x08046d74   Data        1984  userinterface.o(.constdata)
    gImage_systemreset_by                    0x08047534   Data        7744  userinterface.o(.constdata)
    gImage_yes_by                            0x08049374   Data        1984  userinterface.o(.constdata)
    gImage_yes_bw                            0x08049b34   Data        1922  userinterface.o(.constdata)
    gImage_No_bw                             0x0804a2b6   Data        1922  userinterface.o(.constdata)
    gImage_No_by                             0x0804aa38   Data        1984  userinterface.o(.constdata)
    gImage_systemSetting_by                  0x0804b1f8   Data        7502  userinterface.o(.constdata)
    gImage_sleeptime_bw                      0x0804cf46   Data        7744  userinterface.o(.constdata)
    gImage_sleeptime_yb                      0x0804ed86   Data        7744  userinterface.o(.constdata)
    gImage_DAPPa_bw                          0x08050bc6   Data        6572  userinterface.o(.constdata)
    gImage_DAPPa_yb                          0x08052572   Data        6784  userinterface.o(.constdata)
    gImage_digitalmode_bw                    0x08053ff2   Data       11222  userinterface.o(.constdata)
    gImage_digitalmode_yb                    0x08056bc8   Data       11222  userinterface.o(.constdata)
    gImage_yapianbao_by                      0x0805979e   Data        5642  userinterface.o(.constdata)
    gImage_yapianbao_bw                      0x0805ada8   Data        5824  userinterface.o(.constdata)
    gImage_yapianbao_yb                      0x0805c468   Data        5642  userinterface.o(.constdata)
    gImage_yapianbao_yw                      0x0805da72   Data        5824  userinterface.o(.constdata)
    gImage_chuanganqi_bw                     0x0805f132   Data        5642  userinterface.o(.constdata)
    gImage_chuanganqi_by                     0x0806073c   Data        5642  userinterface.o(.constdata)
    gImage_chuanganqi_yb                     0x08061d46   Data        5824  userinterface.o(.constdata)
    gImage_chuanganqi_yw                     0x08063406   Data        5642  userinterface.o(.constdata)
    gImage_charging_icon                     0x08064a10   Data         812  userinterface.o(.constdata)
    gImage_battery_toolow                    0x08064d3c   Data       11040  userinterface.o(.constdata)
    gImage_need_charge                       0x0806785c   Data       14770  userinterface.o(.constdata)
    gImage_E20_yb                            0x0806b20e   Data       11040  userinterface.o(.constdata)
    gImage_Ver_small                         0x0806dd2e   Data        1064  userinterface.o(.constdata)
    expose_table                             0x0806e156   Data          54  data.o(.constdata)
    expose_time_default                      0x0806e18c   Data          48  data.o(.constdata)
    exposoure_para_default                   0x0806e1c8   Data          12  data.o(.constdata)
    mainTask_attributes                      0x0806e1d4   Data          36  main.o(.constdata)
    keyScanTask_attributes                   0x0806e1f8   Data          36  main.o(.constdata)
    AHBPrescTable                            0x0806e21c   Data          16  system_stm32f4xx.o(.constdata)
    myTimer02_attributes                     0x0806e22c   Data          16  pwm_timer.o(.constdata)
    Region$$Table$$Base                      0x0806e260   Number         0  anon$$obj.o(Region$$Table)
    Region$$Table$$Limit                     0x0806e280   Number         0  anon$$obj.o(Region$$Table)
    exposuring_state                         0x20000000   Data           1  userinterface.o(.data)
    demo_exposuring_state                    0x20000001   Data           1  userinterface.o(.data)
    exposure_over_wait                       0x2000000b   Data           1  userinterface.o(.data)
    currentBatteryState                      0x2000000e   Data           1  userinterface.o(.data)
    power_key_is_pressing                    0x20000010   Data           1  userinterface.o(.data)
    keyActive                                0x20000016   Data           1  userinterface.o(.data)
    WIN                                      0x20000017   Data           1  userinterface.o(.data)
    system_state                             0x20000018   Data           1  userinterface.o(.data)
    power_key_press_duration                 0x2000001a   Data           2  userinterface.o(.data)
    setting_timeout                          0x2000001c   Data           2  userinterface.o(.data)
    battery2low_timeout                      0x2000001e   Data           2  userinterface.o(.data)
    pwm_voltage_cali                         0x20000020   Data           2  userinterface.o(.data)
    pwm_voltage                              0x20000022   Data           2  userinterface.o(.data)
    pwm_current                              0x20000024   Data           2  userinterface.o(.data)
    exposure_interval_timeout                0x20000028   Data           4  userinterface.o(.data)
    tooth_position                           0x2000002c   Data           1  data.o(.data)
    demo_tooth_position                      0x2000002d   Data           1  data.o(.data)
    mainTaskTaskHandle                       0x20000030   Data           4  main.o(.data)
    keyScanTaskTaskHandle                    0x20000034   Data           4  main.o(.data)
    uwTickFreq                               0x20000038   Data           1  stm32f4xx_hal.o(.data)
    uwTickPrio                               0x2000003c   Data           4  stm32f4xx_hal.o(.data)
    uwTick                                   0x20000040   Data           4  stm32f4xx_hal.o(.data)
    SystemCoreClock                          0x20000044   Data           4  system_stm32f4xx.o(.data)
    pxCurrentTCB                             0x20000048   Data           4  tasks.o(.data)
    breath_led_timer                         0x200000c0   Data           2  pwm_timer.o(.data)
    sleep_timer                              0x200000c4   Data           4  pwm_timer.o(.data)
    preheat_timer                            0x200000c8   Data           4  pwm_timer.o(.data)
    exposuring_timer                         0x200000cc   Data           4  pwm_timer.o(.data)
    colling_timer                            0x200000d0   Data           4  pwm_timer.o(.data)
    sleep2off_timer                          0x200000d4   Data           4  pwm_timer.o(.data)
    myTimer02Handle                          0x200000d8   Data           4  pwm_timer.o(.data)
    sys_expose_time                          0x200000dc   Data          48  data.o(.bss)
    current_expose_time                      0x2000010c   Data          48  data.o(.bss)
    demo_expose_time                         0x2000013c   Data          48  data.o(.bss)
    sys_exposoure_para                       0x2000016c   Data          12  data.o(.bss)
    current_exposoure_para                   0x20000178   Data          12  data.o(.bss)
    demo_exposoure_para                      0x20000184   Data          12  data.o(.bss)
    eventData                                0x20000190   Data          22  data.o(.bss)
    hadc1                                    0x200001a8   Data          72  main.o(.bss)
    hiwdg                                    0x200001f0   Data          12  main.o(.bss)
    xQueueRegistry                           0x200001fc   Data          64  queue.o(.bss)
    keys                                     0x20004ad0   Data          56  keys.o(.bss)
    sCtrls                                   0x20004b08   Data          72  pwm.o(.bss)
    myTimer02ControlBlock                    0x20004b90   Data          44  pwm_timer.o(.bss)
    huart2                                   0x20004bbc   Data          64  uart2.o(.bss)
    __initial_sp                             0x20005000   Data           0  startup_stm32f405xx.o(STACK)



==============================================================================

Memory Map of the image

  Image Entry point : 0x08000189

  Load Region LR_IROM1 (Base: 0x08000000, Size: 0x0006e35c, Max: 0x00100000, ABSOLUTE)

    Execution Region ER_IROM1 (Base: 0x08000000, Size: 0x0006e280, Max: 0x00100000, ABSOLUTE)

    Base Addr    Size         Type   Attr      Idx    E Section Name        Object

    0x08000000   0x00000188   Data   RO            3    RESET               startup_stm32f405xx.o
    0x08000188   0x00000000   Code   RO         5759  * .ARM.Collect$$$$00000000  mc_w.l(entry.o)
    0x08000188   0x00000004   Code   RO         6033    .ARM.Collect$$$$00000001  mc_w.l(entry2.o)
    0x0800018c   0x00000004   Code   RO         6036    .ARM.Collect$$$$00000004  mc_w.l(entry5.o)
    0x08000190   0x00000000   Code   RO         6038    .ARM.Collect$$$$00000008  mc_w.l(entry7b.o)
    0x08000190   0x00000000   Code   RO         6040    .ARM.Collect$$$$0000000A  mc_w.l(entry8b.o)
    0x08000190   0x00000008   Code   RO         6041    .ARM.Collect$$$$0000000B  mc_w.l(entry9a.o)
    0x08000198   0x00000000   Code   RO         6043    .ARM.Collect$$$$0000000D  mc_w.l(entry10a.o)
    0x08000198   0x00000000   Code   RO         6045    .ARM.Collect$$$$0000000F  mc_w.l(entry11a.o)
    0x08000198   0x00000004   Code   RO         6034    .ARM.Collect$$$$00002712  mc_w.l(entry2.o)
    0x0800019c   0x000000be   Code   RO         5104    .emb_text           port.o
    0x0800025a   0x00000002   PAD
    0x0800025c   0x00000024   Code   RO            4    .text               startup_stm32f405xx.o
    0x08000280   0x00000062   Code   RO         5762    .text               mc_w.l(uldiv.o)
    0x080002e2   0x00000024   Code   RO         5764    .text               mc_w.l(memcpya.o)
    0x08000306   0x00000024   Code   RO         5768    .text               mc_w.l(memseta.o)
    0x0800032a   0x0000001e   Code   RO         6052    .text               mc_w.l(llshl.o)
    0x08000348   0x00000020   Code   RO         6054    .text               mc_w.l(llushr.o)
    0x08000368   0x00000024   Code   RO         6067    .text               mc_w.l(init.o)
    0x0800038c   0x00000062   Code   RO         5185    i.AT24CXX_Read      24cxx.o
    0x080003ee   0x000000a0   Code   RO         5186    i.AT24CXX_ReadLenByte  24cxx.o
    0x0800048e   0x00000044   Code   RO         5187    i.AT24CXX_ReadOneByte  24cxx.o
    0x080004d2   0x00000066   Code   RO         5188    i.AT24CXX_Write     24cxx.o
    0x08000538   0x00000074   Code   RO         5189    i.AT24CXX_WriteLenByte  24cxx.o
    0x080005ac   0x00000046   Code   RO         5190    i.AT24CXX_WriteOneByte  24cxx.o
    0x080005f2   0x00000002   Code   RO          845    i.BusFault_Handler  stm32f4xx_it.o
    0x080005f4   0x00000020   Code   RO           13    i.Buzzer_Control    userinterface.o
    0x08000614   0x00000028   Code   RO           14    i.Buzzer_Key        userinterface.o
    0x0800063c   0x00000094   Code   RO         5596    i.Callback02        pwm_timer.o
    0x080006d0   0x00000002   Code   RO          846    i.DebugMon_Handler  stm32f4xx_it.o
    0x080006d2   0x00000002   PAD
    0x080006d4   0x0000023c   Code   RO           15    i.DemoWindowDisplayFunc  userinterface.o
    0x08000910   0x000000e6   Code   RO         5451    i.Display           lcd_display.o
    0x080009f6   0x00000002   PAD
    0x080009f8   0x00000214   Code   RO           16    i.FeedInKeys        userinterface.o
    0x08000c0c   0x00000064   Code   RO         5638    i.Get_Adc_Average   adcsample.o
    0x08000c70   0x00000168   Code   RO         1002    i.HAL_ADC_ConfigChannel  stm32f4xx_hal_adc.o
    0x08000dd8   0x00000006   Code   RO         1009    i.HAL_ADC_GetValue  stm32f4xx_hal_adc.o
    0x08000dde   0x00000002   PAD
    0x08000de0   0x0000017c   Code   RO         1011    i.HAL_ADC_Init      stm32f4xx_hal_adc.o
    0x08000f5c   0x00000088   Code   RO          909    i.HAL_ADC_MspInit   stm32f4xx_hal_msp.o
    0x08000fe4   0x000000be   Code   RO         1015    i.HAL_ADC_PollForConversion  stm32f4xx_hal_adc.o
    0x080010a2   0x00000002   PAD
    0x080010a4   0x00000100   Code   RO         1017    i.HAL_ADC_Start     stm32f4xx_hal_adc.o
    0x080011a4   0x00000254   Code   RO         1596    i.HAL_GPIO_Init     stm32f4xx_hal_gpio.o
    0x080013f8   0x0000000a   Code   RO         1598    i.HAL_GPIO_ReadPin  stm32f4xx_hal_gpio.o
    0x08001402   0x0000000a   Code   RO         1600    i.HAL_GPIO_WritePin  stm32f4xx_hal_gpio.o
    0x0800140c   0x0000000c   Code   RO         2103    i.HAL_GetTick       stm32f4xx_hal.o
    0x08001418   0x00000056   Code   RO         2348    i.HAL_IWDG_Init     stm32f4xx_hal_iwdg.o
    0x0800146e   0x00000002   PAD
    0x08001470   0x00000010   Code   RO         2109    i.HAL_IncTick       stm32f4xx_hal.o
    0x08001480   0x00000034   Code   RO         2110    i.HAL_Init          stm32f4xx_hal.o
    0x080014b4   0x00000040   Code   RO         2111    i.HAL_InitTick      stm32f4xx_hal.o
    0x080014f4   0x0000003c   Code   RO          910    i.HAL_MspInit       stm32f4xx_hal_msp.o
    0x08001530   0x00000064   Code   RO         1971    i.HAL_NVIC_SetPriority  stm32f4xx_hal_cortex.o
    0x08001594   0x00000024   Code   RO         1972    i.HAL_NVIC_SetPriorityGrouping  stm32f4xx_hal_cortex.o
    0x080015b8   0x00000164   Code   RO         1269    i.HAL_RCC_ClockConfig  stm32f4xx_hal_rcc.o
    0x0800171c   0x00000074   Code   RO         1278    i.HAL_RCC_GetSysClockFreq  stm32f4xx_hal_rcc.o
    0x08001790   0x00000400   Code   RO         1281    i.HAL_RCC_OscConfig  stm32f4xx_hal_rcc.o
    0x08001b90   0x0000002c   Code   RO         1976    i.HAL_SYSTICK_Config  stm32f4xx_hal_cortex.o
    0x08001bbc   0x00000188   Code   RO         2447    i.HAL_TIM_PWM_ConfigChannel  stm32f4xx_hal_tim.o
    0x08001d44   0x00000036   Code   RO         2450    i.HAL_TIM_PWM_Init  stm32f4xx_hal_tim.o
    0x08001d7a   0x00000002   Code   RO         2452    i.HAL_TIM_PWM_MspInit  stm32f4xx_hal_tim.o
    0x08001d7c   0x00000042   Code   RO         2455    i.HAL_TIM_PWM_Start  stm32f4xx_hal_tim.o
    0x08001dbe   0x000000ca   Code   RO         3308    i.HAL_UART_Transmit  stm32f4xx_hal_uart.o
    0x08001e88   0x00000002   Code   RO          847    i.HardFault_Handler  stm32f4xx_it.o
    0x08001e8a   0x00000002   PAD
    0x08001e8c   0x00000050   Code   RO         5193    i.IIC_Init          24cxx.o
    0x08001edc   0x000000f0   Code   RO         5195    i.IIC_Read_Byte     24cxx.o
    0x08001fcc   0x0000007c   Code   RO         5196    i.IIC_Send_Byte     24cxx.o
    0x08002048   0x00000068   Code   RO         5197    i.IIC_Start         24cxx.o
    0x080020b0   0x00000060   Code   RO         5198    i.IIC_Stop          24cxx.o
    0x08002110   0x000000bc   Code   RO         5199    i.IIC_Wait_Ack      24cxx.o
    0x080021cc   0x000000e8   Code   RO         5324    i.Keys_GetPins      keys.o
    0x080022b4   0x00000020   Code   RO         5325    i.Keys_HasAnyKeyChanged  keys.o
    0x080022d4   0x00000034   Code   RO         5326    i.Keys_Init         keys.o
    0x08002308   0x00000018   Code   RO         5329    i.Keys_IsOn         keys.o
    0x08002320   0x00000020   Code   RO         5332    i.Keys_IsPressedClear  keys.o
    0x08002340   0x00000020   Code   RO         5334    i.Keys_IsPressedLongClear  keys.o
    0x08002360   0x00000020   Code   RO         5336    i.Keys_IsReleasedClear  keys.o
    0x08002380   0x00000060   Code   RO         5337    i.Keys_Portinit     keys.o
    0x080023e0   0x00000018   Code   RO         5338    i.Keys_Scan         keys.o
    0x080023f8   0x000000b0   Code   RO         5339    i.Keys_Statemachine  keys.o
    0x080024a8   0x00000066   Code   RO         5452    i.LCD_Clear         lcd_display.o
    0x0800250e   0x00000002   PAD
    0x08002510   0x00000300   Code   RO         5453    i.LCD_Init          lcd_display.o
    0x08002810   0x0000004c   Code   RO         5454    i.LCD_SetArea       lcd_display.o
    0x0800285c   0x000000d4   Code   RO           18    i.LED_Control       userinterface.o
    0x08002930   0x000000ac   Code   RO           19    i.LED_control       userinterface.o
    0x080029dc   0x000000c0   Code   RO           20    i.LED_init          userinterface.o
    0x08002a9c   0x00000098   Code   RO         5455    i.LcdWirteColorData  lcd_display.o
    0x08002b34   0x0000001c   Code   RO          718    i.MainTask          main.o
    0x08002b50   0x00000390   Code   RO           21    i.MainWindowDisplayFunc  userinterface.o
    0x08002ee0   0x00000002   Code   RO          848    i.MemManage_Handler  stm32f4xx_it.o
    0x08002ee2   0x00000002   Code   RO          849    i.NMI_Handler       stm32f4xx_it.o
    0x08002ee4   0x000000ac   Code   RO         5528    i.PWM_Init          pwm.o
    0x08002f90   0x00000018   Code   RO          850    i.SysTick_Handler   stm32f4xx_it.o
    0x08002fa8   0x00000088   Code   RO          719    i.SystemClock_Config  main.o
    0x08003030   0x0000001c   Code   RO         3587    i.SystemInit        system_stm32f4xx.o
    0x0800304c   0x000000cc   Code   RO         2468    i.TIM_Base_SetConfig  stm32f4xx_hal_tim.o
    0x08003118   0x0000001e   Code   RO         2469    i.TIM_CCxChannelCmd  stm32f4xx_hal_tim.o
    0x08003136   0x00000002   PAD
    0x08003138   0x00000070   Code   RO         2480    i.TIM_OC1_SetConfig  stm32f4xx_hal_tim.o
    0x080031a8   0x00000070   Code   RO         2481    i.TIM_OC2_SetConfig  stm32f4xx_hal_tim.o
    0x08003218   0x00000018   Code   RO         4629    i.TimerCallback     cmsis_os2.o
    0x08003230   0x00000074   Code   RO         3325    i.UART_WaitOnFlagUntilTimeout  stm32f4xx_hal_uart.o
    0x080032a4   0x00000002   Code   RO          851    i.UsageFault_Handler  stm32f4xx_it.o
    0x080032a6   0x00000002   PAD
    0x080032a8   0x000001fc   Code   RO           22    i.UserInterface     userinterface.o
    0x080034a4   0x00000070   Code   RO         5456    i.WriteCommand      lcd_display.o
    0x08003514   0x00000068   Code   RO         5457    i.WriteData         lcd_display.o
    0x0800357c   0x0000000e   Code   RO         6077    i.__scatterload_copy  mc_w.l(handlers.o)
    0x0800358a   0x00000002   Code   RO         6078    i.__scatterload_null  mc_w.l(handlers.o)
    0x0800358c   0x0000000e   Code   RO         6079    i.__scatterload_zeroinit  mc_w.l(handlers.o)
    0x0800359a   0x00000002   PAD
    0x0800359c   0x00000054   Code   RO           23    i.battery2low_state_process  userinterface.o
    0x080035f0   0x00000114   Code   RO           24    i.calibration_DAP_process  userinterface.o
    0x08003704   0x0000060e   Code   RO           25    i.calibration_state_process  userinterface.o
    0x08003d12   0x00000002   PAD
    0x08003d14   0x000000c4   Code   RO          554    i.check_para_is_valid  data.o
    0x08003dd8   0x00000016   Code   RO         5726    i.delay_1_ms        delay.o
    0x08003dee   0x0000000a   Code   RO         5727    i.delay_1_us        delay.o
    0x08003df8   0x0000000a   Code   RO         5728    i.delay_2_us        delay.o
    0x08003e02   0x00000002   PAD
    0x08003e04   0x00000148   Code   RO           30    i.demo_exposure_state_process  userinterface.o
    0x08003f4c   0x00000330   Code   RO           31    i.demo_state_process  userinterface.o
    0x0800427c   0x00000128   Code   RO           32    i.displayExpDly     userinterface.o
    0x080043a4   0x00000128   Code   RO           33    i.displayExpDly_Demo  userinterface.o
    0x080044cc   0x000000c0   Code   RO           34    i.display_DAP_set   userinterface.o
    0x0800458c   0x000000b8   Code   RO           36    i.display_battery_status  userinterface.o
    0x08004644   0x000003b8   Code   RO           37    i.display_event_record  userinterface.o
    0x080049fc   0x000001bc   Code   RO           38    i.display_event_record_each  userinterface.o
    0x08004bb8   0x000001c4   Code   RO           39    i.display_mGycm2    userinterface.o
    0x08004d7c   0x00000330   Code   RO           40    i.display_pwm_set   userinterface.o
    0x080050ac   0x00000228   Code   RO           41    i.display_system_infor_win  userinterface.o
    0x080052d4   0x000005d4   Code   RO           42    i.display_system_para_setting  userinterface.o
    0x080058a8   0x00000108   Code   RO           48    i.display_system_reset_win  userinterface.o
    0x080059b0   0x000002a4   Code   RO           49    i.display_system_setting_win  userinterface.o
    0x08005c54   0x00000044   Code   RO         5458    i.drawRec           lcd_display.o
    0x08005c98   0x00000068   Code   RO          555    i.event_Data_Store  data.o
    0x08005d00   0x00000258   Code   RO           51    i.exposure_state_process  userinterface.o
    0x08005f58   0x000000b8   Code   RO          556    i.fagctory_default_store  data.o
    0x08006010   0x00000030   Code   RO           53    i.get_current_exposuretime  userinterface.o
    0x08006040   0x0000002e   Code   RO          558    i.get_scan_type     data.o
    0x0800606e   0x00000020   Code   RO          560    i.get_voltage_current  data.o
    0x0800608e   0x00000002   PAD
    0x08006090   0x00000664   Code   RO           57    i.idle_state_process  userinterface.o
    0x080066f4   0x0000001c   Code   RO          720    i.keyScanTask       main.o
    0x08006710   0x000002c8   Code   RO          721    i.main              main.o
    0x080069d8   0x00000038   Code   RO         4630    i.osDelay           cmsis_os2.o
    0x08006a10   0x00000038   Code   RO         4644    i.osKernelInitialize  cmsis_os2.o
    0x08006a48   0x0000003c   Code   RO         4647    i.osKernelStart     cmsis_os2.o
    0x08006a84   0x000000c0   Code   RO         4680    i.osThreadNew       cmsis_os2.o
    0x08006b44   0x00000090   Code   RO         4689    i.osTimerNew        cmsis_os2.o
    0x08006bd4   0x0000004c   Code   RO         4690    i.osTimerStart      cmsis_os2.o
    0x08006c20   0x0000006c   Code   RO          561    i.para_data_store   data.o
    0x08006c8c   0x00000046   Code   RO         5459    i.pictureDisplay    lcd_display.o
    0x08006cd2   0x00000002   PAD
    0x08006cd4   0x00000020   Code   RO           58    i.powerOff_displayFunc  userinterface.o
    0x08006cf4   0x000000c4   Code   RO           59    i.powerOn_displayFunc  userinterface.o
    0x08006db8   0x00000090   Code   RO           60    i.power_key_pressing_state_process  userinterface.o
    0x08006e48   0x00000060   Code   RO         4155    i.prvAddCurrentTaskToDelayedList  tasks.o
    0x08006ea8   0x000000e0   Code   RO         4156    i.prvAddNewTaskToReadyList  tasks.o
    0x08006f88   0x0000006e   Code   RO         3784    i.prvCopyDataToQueue  queue.o
    0x08006ff6   0x00000002   PAD
    0x08006ff8   0x0000008c   Code   RO         4157    i.prvIdleTask       tasks.o
    0x08007084   0x00000096   Code   RO         4158    i.prvInitialiseNewTask  tasks.o
    0x0800711a   0x00000002   PAD
    0x0800711c   0x000000b4   Code   RO         4484    i.prvInitialiseNewTimer  timers.o
    0x080071d0   0x00000060   Code   RO         5060    i.prvInsertBlockIntoFreeList  heap_4.o
    0x08007230   0x00000040   Code   RO         4485    i.prvInsertTimerInActiveList  timers.o
    0x08007270   0x0000009c   Code   RO         4486    i.prvSampleTimeNow  timers.o
    0x0800730c   0x0000002c   Code   RO         5105    i.prvTaskExitError  port.o
    0x08007338   0x00000280   Code   RO         4487    i.prvTimerTask      timers.o
    0x080075b8   0x0000006c   Code   RO         3785    i.prvUnlockQueue    queue.o
    0x08007624   0x00000024   Code   RO         5669    i.put_data          uart2.o
    0x08007648   0x0000012c   Code   RO         5061    i.pvPortMalloc      heap_4.o
    0x08007774   0x00000024   Code   RO         4488    i.pvTimerGetTimerID  timers.o
    0x08007798   0x0000007c   Code   RO         5530    i.pwmSet            pwm.o
    0x08007814   0x0000002c   Code   RO         5106    i.pxPortInitialiseStack  port.o
    0x08007840   0x0000003c   Code   RO         5460    i.reverse           lcd_display.o
    0x0800787c   0x00000012   Code   RO          563    i.set_exposetime    data.o
    0x0800788e   0x0000004a   Code   RO          564    i.set_sys_exposoure_para  data.o
    0x080078d8   0x00000230   Code   RO           64    i.set_system_para   userinterface.o
    0x08007b08   0x00000020   Code   RO          565    i.set_voltage_current  data.o
    0x08007b28   0x000000bc   Code   RO           66    i.sleep_state_process  userinterface.o
    0x08007be4   0x00000108   Code   RO          566    i.system_para_restore  data.o
    0x08007cec   0x00000030   Code   RO           67    i.system_power_off  userinterface.o
    0x08007d1c   0x0000033c   Code   RO           68    i.system_setting_state_process  userinterface.o
    0x08008058   0x000000c8   Code   RO           69    i.update_battery_status  userinterface.o
    0x08008120   0x00000026   Code   RO         3744    i.uxListRemove      list.o
    0x08008146   0x00000002   PAD
    0x08008148   0x00000014   Code   RO         4692    i.vApplicationGetIdleTaskMemory  cmsis_os2.o
    0x0800815c   0x00000018   Code   RO         4693    i.vApplicationGetTimerTaskMemory  cmsis_os2.o
    0x08008174   0x00000016   Code   RO         3745    i.vListInitialise   list.o
    0x0800818a   0x00000006   Code   RO         3746    i.vListInitialiseItem  list.o
    0x08008190   0x00000036   Code   RO         3747    i.vListInsert       list.o
    0x080081c6   0x00000018   Code   RO         3748    i.vListInsertEnd    list.o
    0x080081de   0x00000002   PAD
    0x080081e0   0x00000040   Code   RO         5108    i.vPortEnterCritical  port.o
    0x08008220   0x0000002c   Code   RO         5109    i.vPortExitCritical  port.o
    0x0800824c   0x00000060   Code   RO         5062    i.vPortFree         heap_4.o
    0x080082ac   0x00000054   Code   RO         5111    i.vPortValidateInterruptPriority  port.o
    0x08008300   0x00000028   Code   RO         3791    i.vQueueAddToRegistry  queue.o
    0x08008328   0x0000004a   Code   RO         3795    i.vQueueWaitForMessageRestricted  queue.o
    0x08008372   0x00000002   PAD
    0x08008374   0x0000004c   Code   RO         4169    i.vTaskDelay        tasks.o
    0x080083c0   0x00000010   Code   RO         4174    i.vTaskInternalSetTimeOutState  tasks.o
    0x080083d0   0x0000000c   Code   RO         4175    i.vTaskMissedYield  tasks.o
    0x080083dc   0x00000034   Code   RO         4177    i.vTaskPlaceOnEventList  tasks.o
    0x08008410   0x0000003c   Code   RO         4178    i.vTaskPlaceOnEventListRestricted  tasks.o
    0x0800844c   0x00000088   Code   RO         4186    i.vTaskStartScheduler  tasks.o
    0x080084d4   0x00000010   Code   RO         4188    i.vTaskSuspendAll   tasks.o
    0x080084e4   0x0000006c   Code   RO         4189    i.vTaskSwitchContext  tasks.o
    0x08008550   0x0000012c   Code   RO         5112    i.xPortStartScheduler  port.o
    0x0800867c   0x0000002c   Code   RO         5113    i.xPortSysTickHandler  port.o
    0x080086a8   0x0000007c   Code   RO         3801    i.xQueueGenericCreateStatic  queue.o
    0x08008724   0x00000088   Code   RO         3802    i.xQueueGenericReset  queue.o
    0x080087ac   0x000001d4   Code   RO         3803    i.xQueueGenericSend  queue.o
    0x08008980   0x000000b8   Code   RO         3804    i.xQueueGenericSendFromISR  queue.o
    0x08008a38   0x00000170   Code   RO         3813    i.xQueueReceive     queue.o
    0x08008ba8   0x00000088   Code   RO         4190    i.xTaskCheckForTimeOut  tasks.o
    0x08008c30   0x00000060   Code   RO         4191    i.xTaskCreate       tasks.o
    0x08008c90   0x0000005c   Code   RO         4192    i.xTaskCreateStatic  tasks.o
    0x08008cec   0x0000001c   Code   RO         4196    i.xTaskGetSchedulerState  tasks.o
    0x08008d08   0x0000000c   Code   RO         4197    i.xTaskGetTickCount  tasks.o
    0x08008d14   0x000000e4   Code   RO         4199    i.xTaskIncrementTick  tasks.o
    0x08008df8   0x00000080   Code   RO         4202    i.xTaskPriorityDisinherit  tasks.o
    0x08008e78   0x00000074   Code   RO         4204    i.xTaskRemoveFromEventList  tasks.o
    0x08008eec   0x000000e4   Code   RO         4205    i.xTaskResumeAll    tasks.o
    0x08008fd0   0x00000038   Code   RO         4493    i.xTimerCreate      timers.o
    0x08009008   0x0000003c   Code   RO         4494    i.xTimerCreateStatic  timers.o
    0x08009044   0x000000ac   Code   RO         4495    i.xTimerCreateTimerTask  timers.o
    0x080090f0   0x00000070   Code   RO         4496    i.xTimerGenericCommand  timers.o
    0x08009160   0x00064ff6   Data   RO           72    .constdata          userinterface.o
    0x0806e156   0x00000036   Data   RO          571    .constdata          data.o
    0x0806e18c   0x0000003c   Data   RO          572    .constdata          data.o
    0x0806e1c8   0x0000000c   Data   RO          573    .constdata          data.o
    0x0806e1d4   0x00000048   Data   RO          723    .constdata          main.o
    0x0806e21c   0x00000010   Data   RO         3588    .constdata          system_stm32f4xx.o
    0x0806e22c   0x00000010   Data   RO         5598    .constdata          pwm_timer.o
    0x0806e23c   0x00000015   Data   RO          724    .conststring        main.o
    0x0806e251   0x00000003   PAD
    0x0806e254   0x0000000a   Data   RO         5599    .conststring        pwm_timer.o
    0x0806e25e   0x00000002   PAD
    0x0806e260   0x00000020   Data   RO         6075    Region$$Table       anon$$obj.o


    Execution Region RW_IRAM2 (Base: 0x10000000, Size: 0x00000000, Max: 0x00010000, ABSOLUTE)

    **** No section assigned to this execution region ****


    Execution Region RW_IRAM1 (Base: 0x20000000, Size: 0x00005000, Max: 0x00020000, ABSOLUTE)

    Base Addr    Size         Type   Attr      Idx    E Section Name        Object

    0x20000000   0x0000002c   Data   RW           78    .data               userinterface.o
    0x2000002c   0x00000001   Data   RW          574    .data               data.o
    0x2000002d   0x00000001   Data   RW          575    .data               data.o
    0x2000002e   0x00000002   PAD
    0x20000030   0x00000008   Data   RW          726    .data               main.o
    0x20000038   0x0000000c   Data   RW         2117    .data               stm32f4xx_hal.o
    0x20000044   0x00000004   Data   RW         3590    .data               system_stm32f4xx.o
    0x20000048   0x0000003c   Data   RW         4208    .data               tasks.o
    0x20000084   0x00000014   Data   RW         4504    .data               timers.o
    0x20000098   0x00000004   Data   RW         4695    .data               cmsis_os2.o
    0x2000009c   0x00000018   Data   RW         5067    .data               heap_4.o
    0x200000b4   0x0000000c   Data   RW         5114    .data               port.o
    0x200000c0   0x00000018   Data   RW         5600    .data               pwm_timer.o
    0x200000d8   0x00000004   Data   RW         5601    .data               pwm_timer.o
    0x200000dc   0x000000ca   Zero   RW          570    .bss                data.o
    0x200001a6   0x00000002   PAD
    0x200001a8   0x00000054   Zero   RW          722    .bss                main.o
    0x200001fc   0x00000040   Zero   RW         3817    .bss                queue.o
    0x2000023c   0x000004c4   Zero   RW         4207    .bss                tasks.o
    0x20000700   0x00000118   Zero   RW         4503    .bss                timers.o
    0x20000818   0x000006b8   Zero   RW         4694    .bss                cmsis_os2.o
    0x20000ed0   0x00003c00   Zero   RW         5066    .bss                heap_4.o
    0x20004ad0   0x00000038   Zero   RW         5340    .bss                keys.o
    0x20004b08   0x00000088   Zero   RW         5537    .bss                pwm.o
    0x20004b90   0x0000002c   Zero   RW         5597    .bss                pwm_timer.o
    0x20004bbc   0x00000040   Zero   RW         5673    .bss                uart2.o
    0x20004bfc   0x00000004   PAD
    0x20004c00   0x00000400   Zero   RW            1    STACK               startup_stm32f405xx.o


==============================================================================

Image component sizes


      Code (inc. data)   RO Data    RW Data    ZI Data      Debug   Object Name

      1446         40          0          0          0      11900   24cxx.o
       100          6          0          0          0       1236   adcsample.o
       652         42          0          4       1720      33090   cmsis_os2.o
      1058         66        126          2        202       9726   data.o
        42          0          0          0          0       1659   delay.o
         0          0          0          0          0      18288   event_groups.o
       492         30          0         24      15360       4375   heap_4.o
       732         54          0          0         56       6105   keys.o
      1742         58          0          0          0       7817   lcd_display.o
       144          0          0          0          0       3490   list.o
       904        120         93          8         84       6828   main.o
       814         92          0         12          0      10977   port.o
       296         26          0          0        136       2383   pwm.o
       148         28         26         28         44       1988   pwm_timer.o
      1612         22          0          0         64      16402   queue.o
        36          8        392          0       1024        820   startup_stm32f405xx.o
       144         24          0         12          0       8661   stm32f4xx_hal.o
      1192         52          0          0          0       4874   stm32f4xx_hal_adc.o
       180         16          0          0          0      32762   stm32f4xx_hal_cortex.o
       616         22          0          0          0       3163   stm32f4xx_hal_gpio.o
        86          0          0          0          0       1156   stm32f4xx_hal_iwdg.o
       196         26          0          0          0       1580   stm32f4xx_hal_msp.o
      1496         78          0          0          0       4342   stm32f4xx_hal_rcc.o
       972         46          0          0          0       8046   stm32f4xx_hal_tim.o
       318          0          0          0          0       2708   stm32f4xx_hal_uart.o
        36          0          0          0          0       3143   stm32f4xx_it.o
         0          0          0          0          0        392   stream_buffer.o
        28          8         16          4          0       1083   system_stm32f4xx.o
      2150        186          0         60       1220      25963   tasks.o
      1476         86          0         20        280      34979   timers.o
        36          6          0          0         64       1393   uart2.o
     17322       1138     413686         44          0     726902   userinterface.o

    ----------------------------------------------------------------------
     36504       2280     414376        220      20260     998231   Object Totals
         0          0         32          0          0          0   (incl. Generated)
        38          0          5          2          6          0   (incl. Padding)

    ----------------------------------------------------------------------

      Code (inc. data)   RO Data    RW Data    ZI Data      Debug   Library Member Name

         0          0          0          0          0          0   entry.o
         0          0          0          0          0          0   entry10a.o
         0          0          0          0          0          0   entry11a.o
         8          4          0          0          0          0   entry2.o
         4          0          0          0          0          0   entry5.o
         0          0          0          0          0          0   entry7b.o
         0          0          0          0          0          0   entry8b.o
         8          4          0          0          0          0   entry9a.o
        30          0          0          0          0          0   handlers.o
        36          8          0          0          0         68   init.o
        30          0          0          0          0         68   llshl.o
        32          0          0          0          0         68   llushr.o
        36          0          0          0          0         68   memcpya.o
        36          0          0          0          0        108   memseta.o
        98          0          0          0          0         92   uldiv.o

    ----------------------------------------------------------------------
       320         16          0          0          0        472   Library Totals
         2          0          0          0          0          0   (incl. Padding)

    ----------------------------------------------------------------------

      Code (inc. data)   RO Data    RW Data    ZI Data      Debug   Library Name

       318         16          0          0          0        472   mc_w.l

    ----------------------------------------------------------------------
       320         16          0          0          0        472   Library Totals

    ----------------------------------------------------------------------

==============================================================================


      Code (inc. data)   RO Data    RW Data    ZI Data      Debug   

     36824       2296     414376        220      20260     980151   Grand Totals
     36824       2296     414376        220      20260     980151   ELF Image Totals
     36824       2296     414376        220          0          0   ROM Totals

==============================================================================

    Total RO  Size (Code + RO Data)               451200 ( 440.63kB)
    Total RW  Size (RW Data + ZI Data)             20480 (  20.00kB)
    Total ROM Size (Code + RO Data + RW Data)     451420 ( 440.84kB)

==============================================================================

